// Jest Snapshot v1, https://goo.gl/fbAQLP

exports[`<CartCheckout /> should render the checkout drawer 1`] = `
<div>
  <button
    class="MuiButtonBase-root MuiButton-root MuiButton-text"
    tabindex="0"
    type="button"
  >
    <span
      class="MuiButton-label"
    >
      <img
        alt="carrinho"
        src="/assets/cart-icon.svg"
      />
    </span>
    <span
      class="MuiTouchRipple-root"
    />
  </button>
</div>
`;
