// Jest Snapshot v1, https://goo.gl/fbAQLP

exports[`<ProductsCheckout /> should render the products in checkout cart 1`] = `
<div>
  <div
    class="sc-dlnjwi iGsOvV"
  />
</div>
`;
