// Jest Snapshot v1, https://goo.gl/fbAQLP

exports[`<Products /> should render the map of products 1`] = `<div />`;
